// Jest Snapshot v1, https://goo.gl/fbAQLP

exports[`Icon component Should render the component correctly 1`] = `
<svg
  data-test="icon"
>
  <use
    xlinkHref="package.svg#icon-undefined"
  />
</svg>
`;
